#-----------------------------------------------------------
# Vivado v2020.2 (64-bit)
# SW Build 3064766 on Wed Nov 18 09:12:47 MST 2020
# IP Build 3064653 on Wed Nov 18 14:17:31 MST 2020
# Start of session at: Sat Feb 18 20:07:32 2023
# Process ID: 71107
# Current directory: /mnt/home/usager/labm1507/Clean_APP/S4e_APP4_zybo_etud/S4e_Depart_etud/S4e_Depart.runs/main_design_microblaze_0_axi_intc_0_synth_1
# Command line: vivado -log main_design_microblaze_0_axi_intc_0.vds -product Vivado -mode batch -messageDb vivado.pb -notrace -source main_design_microblaze_0_axi_intc_0.tcl
# Log file: /mnt/home/usager/labm1507/Clean_APP/S4e_APP4_zybo_etud/S4e_Depart_etud/S4e_Depart.runs/main_design_microblaze_0_axi_intc_0_synth_1/main_design_microblaze_0_axi_intc_0.vds
# Journal file: /mnt/home/usager/labm1507/Clean_APP/S4e_APP4_zybo_etud/S4e_Depart_etud/S4e_Depart.runs/main_design_microblaze_0_axi_intc_0_synth_1/vivado.jou
#-----------------------------------------------------------
source main_design_microblaze_0_axi_intc_0.tcl -notrace
